// Jest Snapshot v1, https://goo.gl/fbAQLP

exports[`actions getNextActionParams default 1`] = `
"
whatever
"
`;

exports[`actions getNextActionParams default 2`] = `undefined`;

exports[`actions getNextActionParams default 3`] = `
Array [
  Array [
    Array [
      Object {
        "default": "1",
        "message": "Select a project",
        "name": "project_id",
        "source": [Function],
        "type": "autocomplete",
      },
      Object {
        "choices": Array [
          Object {
            "name": "1h",
            "value": "60",
          },
          Object {
            "name": "2h",
            "value": "120",
          },
          Object {
            "name": "3h",
            "value": "180",
          },
          Object {
            "name": "4h",
            "value": "240",
          },
          Object {
            "name": "5h",
            "value": "300",
          },
          Object {
            "name": "6h",
            "value": "360",
          },
          Object {
            "name": "7h",
            "value": "420",
          },
        ],
        "default": "420",
        "message": "Duration",
        "name": "duration_mins",
        "type": "list",
      },
    ],
  ],
]
`;

exports[`actions getNextActionParams default 4`] = `undefined`;

exports[`actions getNextActionParams default 5`] = `Array []`;
